
> art-framer@0.1.0 prebuild
> echo 'Skipping env validation for testing'

Skipping env validation for testing

> art-framer@0.1.0 build
> next build

   ▲ Next.js 15.5.2
   - Environments: .env.local, .env

   Creating an optimized production build ...
 ✓ Compiled successfully in 3.1s
   Skipping validation of types
   Skipping linting
   Collecting page data ...
   Generating static pages (0/40) ...
   Generating static pages (10/40) 
   Generating static pages (20/40) 
   Generating static pages (30/40) 
 ✓ Generating static pages (40/40)
   Finalizing page optimization ...
   Collecting build traces ...

Route (app)                                 Size  First Load JS
┌ ○ /                                    1.44 kB         223 kB
├ ○ /_not-found                            997 B         103 kB
├ ƒ /api/admin/health                      212 B         102 kB
├ ƒ /api/cart                              212 B         102 kB
├ ƒ /api/cart/[id]                         212 B         102 kB
├ ƒ /api/cart/shipping                     212 B         102 kB
├ ƒ /api/checkout/create-session           212 B         102 kB
├ ƒ /api/checkout/retrieve-address         212 B         102 kB
├ ƒ /api/curated-images                    212 B         102 kB
├ ƒ /api/curated-images/featured           212 B         102 kB
├ ƒ /api/curated-products                  212 B         102 kB
├ ƒ /api/dropship/prodigi                  212 B         102 kB
├ ƒ /api/frames/images                     212 B         102 kB
├ ƒ /api/health                            212 B         102 kB
├ ƒ /api/ideogram/[...path]                212 B         102 kB
├ ƒ /api/ideogram/test                     212 B         102 kB
├ ƒ /api/notifications                     212 B         102 kB
├ ƒ /api/orders                            212 B         102 kB
├ ƒ /api/orders/[id]                       212 B         102 kB
├ ƒ /api/orders/[id]/status                212 B         102 kB
├ ƒ /api/orders/management                 212 B         102 kB
├ ƒ /api/prodigi/products                  212 B         102 kB
├ ƒ /api/prodigi/products/clear-cache      212 B         102 kB
├ ƒ /api/products                          212 B         102 kB
├ ƒ /api/products/[id]                     212 B         102 kB
├ ƒ /api/proxy-image                       212 B         102 kB
├ ƒ /api/save-image                        212 B         102 kB
├ ƒ /api/shipping/calculate                212 B         102 kB
├ ƒ /api/test-db                           212 B         102 kB
├ ƒ /api/test-gallery                      212 B         102 kB
├ ƒ /api/test-prodigi                      212 B         102 kB
├ ƒ /api/test-simple-gallery               212 B         102 kB
├ ƒ /api/webhooks/prodigi                  212 B         102 kB
├ ƒ /api/webhooks/stripe                   212 B         102 kB
├ ○ /cart                                  639 B         222 kB
├ ○ /checkout/success                    8.49 kB         162 kB
├ ○ /creations                           3.77 kB         216 kB
├ ○ /demo/products                       4.54 kB         144 kB
├ ○ /faq                                 6.16 kB         227 kB
├ ○ /login                                 948 B         161 kB
├ ○ /orders                              4.37 kB         213 kB
├ ○ /privacy                             7.24 kB         228 kB
└ ○ /shop                                5.42 kB         244 kB
+ First Load JS shared by all             102 kB
  ├ chunks/1255-83cb42014f6de1e2.js      45.7 kB
  ├ chunks/4bd1b696-f785427dddbba9fb.js  54.2 kB
  └ other shared chunks (total)          1.94 kB


○  (Static)   prerendered as static content
ƒ  (Dynamic)  server-rendered on demand


> art-framer@0.1.0 postbuild
> echo 'Build completed successfully'

Build completed successfully
